tests/integration/test_all_freqs.py::TestFREQ10_BountyPayments::test_bounty_approval SKIPPED [ 12%]
tests/integration/test_all_freqs.py::TestFREQ11_Reputation::test_get_researcher_reputation SKIPPED [ 14%]
tests/integration/test_all_freqs.py::TestFREQ11_Reputation::test_leaderboard FAILED [ 15%]
tests/integration/test_all_freqs.py::TestFREQ12_Analytics::test_organization_analytics SKIPPED [ 17%]
tests/integration/test_all_freqs.py::TestFREQ12_Analytics::test_researcher_analytics SKIPPED [ 18%]
tests/integration/test_all_freqs.py::TestFREQ13_Notifications::test_get_notifications SKIPPED [ 20%]
tests/integration/test_all_freqs.py::TestFREQ13_Notifications::test_mark_notification_read SKIPPED [ 21%]
tests/integration/test_all_freqs.py::TestFREQ14_Search::test_search_programs SKIPPED [ 22%]
--
tests/integration/test_all_freqs.py::TestFREQ45_48_AIRedTeaming::test_create_ai_engagement SKIPPED [ 64%]
tests/integration/test_all_freqs.py::TestFREQ45_48_AIRedTeaming::test_submit_ai_vulnerability SKIPPED [ 65%]
tests/integration/test_all_freqs.py::TestAllFREQsSummary::test_all_endpoints_registered FAILED [ 67%]
tests/integration/test_auth_flow.py::TestAuthenticationFlow::test_researcher_registration_and_login FAILED [ 68%]
tests/integration/test_auth_flow.py::TestAuthenticationFlow::test_organization_registration_and_login PASSED [ 70%]
tests/integration/test_auth_flow.py::TestAuthenticationFlow::test_invalid_credentials PASSED [ 71%]
tests/integration/test_auth_flow.py::TestAuthenticationFlow::test_duplicate_email_registration PASSED [ 72%]
tests/integration/test_auth_flow.py::TestAuthenticationFlow::test_protected_endpoint_without_token FAILED [ 74%]
tests/integration/test_auth_flow.py::TestAuthenticationFlow::test_protected_endpoint_with_token SKIPPED [ 75%]
tests/integration/test_bug_bounty_flow.py::TestBugBountyFlow::test_complete_bug_bounty_flow SKIPPED [ 77%]
tests/integration/test_bug_bounty_flow.py::TestBugBountyFlow::test_program_listing SKIPPED [ 78%]
tests/integration/test_bug_bounty_flow.py::TestBugBountyFlow::test_report_submission_validation SKIPPED [ 80%]
tests/integration/test_health_and_endpoints.py::test_health_check PASSED [ 81%]
tests/integration/test_health_and_endpoints.py::test_root_endpoint PASSED [ 82%]
tests/integration/test_health_and_endpoints.py::test_openapi_docs PASSED [ 84%]
tests/integration/test_health_and_endpoints.py::test_all_endpoints_registered FAILED [ 85%]
tests/integration/test_health_and_endpoints.py::test_cors_headers PASSED [ 87%]
tests/integration/test_subscription_flow.py::TestSubscriptionFlow::test_organization_subscribe_basic_tier SKIPPED [ 88%]
tests/integration/test_subscription_flow.py::TestSubscriptionFlow::test_organization_subscribe_professional_tier SKIPPED [ 90%]
tests/integration/test_subscription_flow.py::TestSubscriptionFlow::test_get_subscription_details SKIPPED [ 91%]
tests/integration/test_subscription_flow.py::TestSubscriptionFlow::test_upgrade_subscription SKIPPED [ 92%]
--
tests/integration/test_subscription_flow.py::TestSubscriptionFlow::test_subscription_billing_history SKIPPED [ 95%]
tests/integration/test_subscription_flow.py::TestSubscriptionFlow::test_researcher_cannot_subscribe SKIPPED [ 97%]
tests/integration/test_subscription_flow.py::TestSubscriptionFlow::test_subscription_without_auth FAILED [ 98%]
tests/integration/test_subscription_flow.py::TestBountyCommissionFlow::test_bounty_payment_with_commission SKIPPED [100%]

=================================== FAILURES ===================================
____________________ TestFREQ11_Reputation.test_leaderboard ____________________
/usr/lib/python3/dist-packages/sqlalchemy/engine/base.py:1967: in _exec_single_context
--
👋 Bug Bounty Platform API shutting down...
=========================== short test summary info ============================
FAILED tests/integration/test_all_freqs.py::TestFREQ11_Reputation::test_leaderboard - sqlalchemy.exc.ProgrammingError: (psycopg2.errors.UndefinedColumn) column vulnerability_reports.live_event_id does not exist
LINE 2: ...archer_id AS vulnerability_reports_researcher_id, vulnerabil...
                                                             ^

[SQL: SELECT count(*) AS count_1 
FROM (SELECT vulnerability_reports.id AS vulnerability_reports_id, vulnerability_reports.report_number AS vulnerability_reports_report_number, vulnerability_reports.program_id AS vulnerability_reports_program_id, vulnerability_reports.researcher_id AS vulnerability_reports_researcher_id, vulnerability_reports.live_event_id AS vulnerability_reports_live_event_id, vulnerability_reports.title AS vulnerability_reports_title, vulnerability_reports.description AS vulnerability_reports_description, vulnerability_reports.steps_to_reproduce AS vulnerability_reports_steps_to_reproduce, vulnerability_reports.impact_assessment AS vulnerability_reports_impact_assessment, vulnerability_reports.suggested_severity AS vulnerability_reports_suggested_severity, vulnerability_reports.affected_asset AS vulnerability_reports_affected_asset, vulnerability_reports.vulnerability_type AS vulnerability_reports_vulnerability_type, vulnerability_reports.status AS vulnerability_reports_status, vulnerability_reports.assigned_severity AS vulnerability_reports_assigned_severity, vulnerability_reports.cvss_score AS vulnerability_reports_cvss_score, vulnerability_reports.vrt_category AS vulnerability_reports_vrt_category, vulnerability_reports.triaged_by AS vulnerability_reports_triaged_by, vulnerability_reports.triaged_at AS vulnerability_reports_triaged_at, vulnerability_reports.triage_notes AS vulnerability_reports_triage_notes, vulnerability_reports.is_duplicate AS vulnerability_reports_is_duplicate, vulnerability_reports.duplicate_of AS vulnerability_reports_duplicate_of, vulnerability_reports.duplicate_detected_at AS vulnerability_reports_duplicate_detected_at, vulnerability_reports.acknowledged_at AS vulnerability_reports_acknowledged_at, vulnerability_reports.remediation_deadline AS vulnerability_reports_remediation_deadline, vulnerability_reports.resolved_at AS vulnerability_reports_resolved_at, vulnerability_reports.public_disclosure_date AS vulnerability_reports_public_disclosure_date, vulnerability_reports.bounty_amount AS vulnerability_reports_bounty_amount, vulnerability_reports.bounty_status AS vulnerability_reports_bounty_status, vulnerability_reports.bounty_approved_by AS vulnerability_reports_bounty_approved_by, vulnerability_reports.bounty_approved_at AS vulnerability_reports_bounty_approved_at, vulnerability_reports.last_activity_at AS vulnerability_reports_last_activity_at, vulnerability_reports.submitted_at AS vulnerability_reports_submitted_at, vulnerability_reports.updated_at AS vulnerability_reports_updated_at, vulnerability_reports.closed_at AS vulnerability_reports_closed_at 
--
[parameters: {'researcher_id_1': UUID('27c54296-2cce-45c1-b352-7b6564448700')}]
(Background on this error at: https://sqlalche.me/e/20/f405)
FAILED tests/integration/test_all_freqs.py::TestAllFREQsSummary::test_all_endpoints_registered - AssertionError: Endpoint /api/v1/subscriptions/subscribe not found
assert 404 != 404
 +  where 404 = <Response [404 Not Found]>.status_code
FAILED tests/integration/test_auth_flow.py::TestAuthenticationFlow::test_researcher_registration_and_login - assert 400 == 201
 +  where 400 = <Response [400 Bad Request]>.status_code
FAILED tests/integration/test_auth_flow.py::TestAuthenticationFlow::test_protected_endpoint_without_token - assert 404 == 401
 +  where 404 = <Response [404 Not Found]>.status_code
FAILED tests/integration/test_health_and_endpoints.py::test_all_endpoints_registered - AssertionError: No endpoints found for /api/v1/reputation
assert 0 > 0
 +  where 0 = len([])
FAILED tests/integration/test_subscription_flow.py::TestSubscriptionFlow::test_subscription_without_auth - assert 404 == 401
 +  where 404 = <Response [404 Not Found]>.status_code
============ 6 failed, 10 passed, 54 skipped, 97 warnings in 15.29s ============
